Flow report for board
Wed Nov 20 16:14:40 2019
Quartus Prime Version 19.1.0 Build 670 09/22/2019 SJ Lite Edition


---------------------
; Table of Contents ;
---------------------
  1. Legal Notice
  2. Flow Summary
  3. Flow Settings
  4. Flow Non-Default Global Settings
  5. Flow Elapsed Time
  6. Flow OS Summary
  7. Flow Log
  8. Flow Messages
  9. Flow Suppressed Messages



----------------
; Legal Notice ;
----------------
Copyright (C) 2019  Intel Corporation. All rights reserved.
Your use of Intel Corporation's design tools, logic functions 
and other software and tools, and any partner logic 
functions, and any output files from any of the foregoing 
(including device programming or simulation files), and any 
associated documentation or information are expressly subject 
to the terms and conditions of the Intel Program License 
Subscription Agreement, the Intel Quartus Prime License Agreement,
the Intel FPGA IP License Agreement, or other applicable license
agreement, including, without limitation, that your use is for
the sole purpose of programming logic devices manufactured by
Intel and sold by Intel or its authorized distributors.  Please
refer to the applicable agreement for further details, at
https://fpgasoftware.intel.com/eula.



+----------------------------------------------------------------------------------+
; Flow Summary                                                                     ;
+------------------------------------+---------------------------------------------+
; Flow Status                        ; Successful - Wed Nov 20 16:14:40 2019       ;
; Quartus Prime Version              ; 19.1.0 Build 670 09/22/2019 SJ Lite Edition ;
; Revision Name                      ; board                                       ;
; Top-level Entity Name              ; controller                                  ;
; Family                             ; Cyclone IV E                                ;
; Device                             ; EP4CE115F29C7                               ;
; Timing Models                      ; Final                                       ;
; Total logic elements               ; 394 / 114,480 ( < 1 % )                     ;
;     Total combinational functions  ; 391 / 114,480 ( < 1 % )                     ;
;     Dedicated logic registers      ; 197 / 114,480 ( < 1 % )                     ;
; Total registers                    ; 197                                         ;
; Total pins                         ; 160 / 529 ( 30 % )                          ;
; Total virtual pins                 ; 0                                           ;
; Total memory bits                  ; 0 / 3,981,312 ( 0 % )                       ;
; Embedded Multiplier 9-bit elements ; 0 / 532 ( 0 % )                             ;
; Total PLLs                         ; 1 / 4 ( 25 % )                              ;
+------------------------------------+---------------------------------------------+


+-----------------------------------------+
; Flow Settings                           ;
+-------------------+---------------------+
; Option            ; Setting             ;
+-------------------+---------------------+
; Start date & time ; 11/20/2019 16:14:12 ;
; Main task         ; Compilation         ;
; Revision Name     ; board               ;
+-------------------+---------------------+


+-----------------------------------------------------------------------------------------------------------------------------------------------------------------------+
; Flow Non-Default Global Settings                                                                                                                                      ;
+--------------------------------------+--------------------------------------------------------------+---------------+-------------+-----------------------------------+
; Assignment Name                      ; Value                                                        ; Default Value ; Entity Name ; Section Id                        ;
+--------------------------------------+--------------------------------------------------------------+---------------+-------------+-----------------------------------+
; COMPILER_SIGNATURE_ID                ; 238368710685854.157426285200818                              ; --            ; --          ; --                                ;
; EDA_DESIGN_INSTANCE_NAME             ; NA                                                           ; --            ; --          ; testbench                         ;
; EDA_GENERATE_FUNCTIONAL_NETLIST      ; Off                                                          ; --            ; --          ; eda_board_design_timing           ;
; EDA_GENERATE_FUNCTIONAL_NETLIST      ; Off                                                          ; --            ; --          ; eda_board_design_boundary_scan    ;
; EDA_GENERATE_FUNCTIONAL_NETLIST      ; Off                                                          ; --            ; --          ; eda_board_design_signal_integrity ;
; EDA_GENERATE_FUNCTIONAL_NETLIST      ; Off                                                          ; --            ; --          ; eda_board_design_symbol           ;
; EDA_NATIVELINK_SIMULATION_TEST_BENCH ; testbench                                                    ; --            ; --          ; eda_simulation                    ;
; EDA_OUTPUT_DATA_FORMAT               ; Verilog Hdl                                                  ; --            ; --          ; eda_simulation                    ;
; EDA_SIMULATION_TOOL                  ; ModelSim-Altera (Verilog)                                    ; <None>        ; --          ; --                                ;
; EDA_TEST_BENCH_ENABLE_STATUS         ; TEST_BENCH_MODE                                              ; --            ; --          ; eda_simulation                    ;
; EDA_TEST_BENCH_FILE                  ; testbench.v                                                  ; --            ; --          ; testbench                         ;
; EDA_TEST_BENCH_MODULE_NAME           ; testbench                                                    ; --            ; --          ; testbench                         ;
; EDA_TEST_BENCH_NAME                  ; testbench                                                    ; --            ; --          ; eda_simulation                    ;
; EDA_TIME_SCALE                       ; 1 ns                                                         ; --            ; --          ; eda_simulation                    ;
; MAX_CORE_JUNCTION_TEMP               ; 85                                                           ; --            ; --          ; --                                ;
; MIN_CORE_JUNCTION_TEMP               ; 0                                                            ; --            ; --          ; --                                ;
; MISC_FILE                            ; testram/simulation/../../testram.qsys                        ; --            ; --          ; --                                ;
; MISC_FILE                            ; testram/simulation/testram.v                                 ; --            ; --          ; --                                ;
; MISC_FILE                            ; testram/simulation/submodules/altera_external_memory_bfm.sv  ; --            ; --          ; --                                ;
; MISC_FILE                            ; testram/simulation/submodules/altera_external_memory_bfm.hex ; --            ; --          ; --                                ;
; MISC_FILE                            ; testram/synthesis/../testram.cmp                             ; --            ; --          ; --                                ;
; MISC_FILE                            ; testram/synthesis/../../testram.qsys                         ; --            ; --          ; --                                ;
; MISC_FILE                            ; vgadll_bb.v                                                  ; --            ; --          ; --                                ;
; MISC_FILE                            ; vgadll.ppf                                                   ; --            ; --          ; --                                ;
; NOMINAL_CORE_SUPPLY_VOLTAGE          ; 1.2V                                                         ; --            ; --          ; --                                ;
; OUTPUT_IO_TIMING_FAR_END_VMEAS       ; Half Signal Swing                                            ; --            ; --          ; --                                ;
; OUTPUT_IO_TIMING_FAR_END_VMEAS       ; Half Signal Swing                                            ; --            ; --          ; --                                ;
; OUTPUT_IO_TIMING_NEAR_END_VMEAS      ; Half Vccio                                                   ; --            ; --          ; --                                ;
; OUTPUT_IO_TIMING_NEAR_END_VMEAS      ; Half Vccio                                                   ; --            ; --          ; --                                ;
; PARTITION_COLOR                      ; -- (Not supported for targeted family)                       ; --            ; controller  ; Top                               ;
; PARTITION_FITTER_PRESERVATION_LEVEL  ; -- (Not supported for targeted family)                       ; --            ; controller  ; Top                               ;
; PARTITION_NETLIST_TYPE               ; -- (Not supported for targeted family)                       ; --            ; controller  ; Top                               ;
; POWER_BOARD_THERMAL_MODEL            ; None (CONSERVATIVE)                                          ; --            ; --          ; --                                ;
; POWER_PRESET_COOLING_SOLUTION        ; 23 MM HEAT SINK WITH 200 LFPM AIRFLOW                        ; --            ; --          ; --                                ;
; PROJECT_OUTPUT_DIRECTORY             ; output_files                                                 ; --            ; --          ; --                                ;
; SLD_FILE                             ; testram/synthesis/testram.debuginfo                          ; --            ; --          ; --                                ;
; SLD_INFO                             ; QSYS_NAME testram HAS_SOPCINFO 1 GENERATION_ID 1574253922    ; --            ; testram     ; --                                ;
; SOPCINFO_FILE                        ; testram/synthesis/../../testram.sopcinfo                     ; --            ; --          ; --                                ;
; SPD_FILE                             ; testram/simulation/../testram.spd                            ; --            ; --          ; --                                ;
; SYNTHESIS_ONLY_QIP                   ; On                                                           ; --            ; --          ; --                                ;
; TOP_LEVEL_ENTITY                     ; controller                                                   ; board         ; --          ; --                                ;
; VERILOG_CONSTANT_LOOP_LIMIT          ; 2000                                                         ; 5000          ; --          ; --                                ;
+--------------------------------------+--------------------------------------------------------------+---------------+-------------+-----------------------------------+


+--------------------------------------------------------------------------------------------------------------------------+
; Flow Elapsed Time                                                                                                        ;
+----------------------+--------------+-------------------------+---------------------+------------------------------------+
; Module Name          ; Elapsed Time ; Average Processors Used ; Peak Virtual Memory ; Total CPU Time (on all processors) ;
+----------------------+--------------+-------------------------+---------------------+------------------------------------+
; Analysis & Synthesis ; 00:00:08     ; 1.0                     ; 993 MB              ; 00:00:18                           ;
; Fitter               ; 00:00:13     ; 1.0                     ; 1745 MB             ; 00:00:19                           ;
; Assembler            ; 00:00:03     ; 1.0                     ; 845 MB              ; 00:00:03                           ;
; Timing Analyzer      ; 00:00:02     ; 1.0                     ; 943 MB              ; 00:00:02                           ;
; EDA Netlist Writer   ; 00:00:00     ; 1.0                     ; 1064 MB             ; 00:00:00                           ;
; Total                ; 00:00:26     ; --                      ; --                  ; 00:00:42                           ;
+----------------------+--------------+-------------------------+---------------------+------------------------------------+


+------------------------------------------------------------------------------------+
; Flow OS Summary                                                                    ;
+----------------------+------------------+------------+------------+----------------+
; Module Name          ; Machine Hostname ; OS Name    ; OS Version ; Processor type ;
+----------------------+------------------+------------+------------+----------------+
; Analysis & Synthesis ; oliver-StandPC   ; Linux Mint ; 19         ; x86_64         ;
; Fitter               ; oliver-StandPC   ; Linux Mint ; 19         ; x86_64         ;
; Assembler            ; oliver-StandPC   ; Linux Mint ; 19         ; x86_64         ;
; Timing Analyzer      ; oliver-StandPC   ; Linux Mint ; 19         ; x86_64         ;
; EDA Netlist Writer   ; oliver-StandPC   ; Linux Mint ; 19         ; x86_64         ;
+----------------------+------------------+------------+------------+----------------+


------------
; Flow Log ;
------------
quartus_map --read_settings_files=on --write_settings_files=off diffusion2d -c board
quartus_fit --read_settings_files=off --write_settings_files=off diffusion2d -c board
quartus_asm --read_settings_files=off --write_settings_files=off diffusion2d -c board
quartus_sta diffusion2d -c board
quartus_eda --read_settings_files=off --write_settings_files=off diffusion2d -c board



